Student 2 has filled in preferences for course registeration
Student 8 has filled in preferences for course registeration
Student 9 has filled in preferences for course registeration
Student 0 has filled in preferences for course registeration
Student 5 has filled in preferences for course registeration
Student 3 has filled in preferences for course registeration
Student 7 has filled in preferences for course registeration
Student 1 has filled in preferences for course registeration
Student 4 has filled in preferences for course registeration
Student 6 has filled in preferences for course registeration
